{"level":"INFO","time":"2025-12-05T13:59:04.103Z","caller":"logger/symbol_logger.go:133","msg":"Log file created","symbol":"BTCUSDT","interval":"1m","file":"logs/session_20251205_135902/BTCUSDT_1m.log"}
{"level":"INFO","time":"2025-12-05T14:00:00.188Z","caller":"strategy/adapter.go:61","msg":"Kline received","open_time":"2025-12-05T13:59:00.000Z","open":90485,"high":90485,"low":90428.5,"close":90433.6,"volume":115.168}
{"level":"INFO","time":"2025-12-05T14:01:00.114Z","caller":"strategy/adapter.go:61","msg":"Kline received","open_time":"2025-12-05T14:00:00.000Z","open":90433.6,"high":90480.4,"low":90415.2,"close":90477.9,"volume":168.375}
{"level":"INFO","time":"2025-12-05T14:02:00.389Z","caller":"strategy/adapter.go:61","msg":"Kline received","open_time":"2025-12-05T14:01:00.000Z","open":90477.8,"high":90528.4,"low":90464.2,"close":90507.2,"volume":164.314}
{"level":"INFO","time":"2025-12-05T14:03:00.091Z","caller":"strategy/adapter.go:61","msg":"Kline received","open_time":"2025-12-05T14:02:00.000Z","open":90507.2,"high":90576.3,"low":90485.4,"close":90485.4,"volume":99.242}
{"level":"INFO","time":"2025-12-05T14:04:00.089Z","caller":"strategy/adapter.go:61","msg":"Kline received","open_time":"2025-12-05T14:03:00.000Z","open":90485.2,"high":90548.6,"low":90470.9,"close":90493.9,"volume":92.909}
{"level":"INFO","time":"2025-12-05T14:05:00.153Z","caller":"strategy/adapter.go:61","msg":"Kline received","open_time":"2025-12-05T14:04:00.000Z","open":90493.9,"high":90495,"low":90450,"close":90483.6,"volume":79.98}
{"level":"INFO","time":"2025-12-05T14:06:00.095Z","caller":"strategy/adapter.go:61","msg":"Kline received","open_time":"2025-12-05T14:05:00.000Z","open":90483.5,"high":90517.4,"low":90483.5,"close":90490,"volume":77.135}
{"level":"INFO","time":"2025-12-05T14:07:00.300Z","caller":"strategy/adapter.go:61","msg":"Kline received","open_time":"2025-12-05T14:06:00.000Z","open":90490.1,"high":90562.1,"low":90460.8,"close":90550.9,"volume":86.161}
{"level":"INFO","time":"2025-12-05T14:08:00.201Z","caller":"strategy/adapter.go:61","msg":"Kline received","open_time":"2025-12-05T14:07:00.000Z","open":90550.9,"high":90569.1,"low":90525.2,"close":90559.6,"volume":90.38}
{"level":"INFO","time":"2025-12-05T14:09:00.322Z","caller":"strategy/adapter.go:61","msg":"Kline received","open_time":"2025-12-05T14:08:00.000Z","open":90559.6,"high":90636.5,"low":90545.8,"close":90557.4,"volume":194.827}
{"level":"INFO","time":"2025-12-05T14:10:00.099Z","caller":"strategy/adapter.go:61","msg":"Kline received","open_time":"2025-12-05T14:09:00.000Z","open":90557.3,"high":90589.1,"low":90515.7,"close":90559,"volume":85.448}
{"level":"INFO","time":"2025-12-05T14:11:00.092Z","caller":"strategy/adapter.go:61","msg":"Kline received","open_time":"2025-12-05T14:10:00.000Z","open":90559.1,"high":90688,"low":90559.1,"close":90663,"volume":158.031}
{"level":"INFO","time":"2025-12-05T14:12:00.122Z","caller":"strategy/adapter.go:61","msg":"Kline received","open_time":"2025-12-05T14:11:00.000Z","open":90663,"high":90706.6,"low":90601.6,"close":90670.9,"volume":513.628}
{"level":"INFO","time":"2025-12-05T14:13:00.137Z","caller":"strategy/adapter.go:61","msg":"Kline received","open_time":"2025-12-05T14:12:00.000Z","open":90670.9,"high":90700,"low":90541.7,"close":90541.7,"volume":211.502}
{"level":"INFO","time":"2025-12-05T14:14:00.209Z","caller":"strategy/adapter.go:61","msg":"Kline received","open_time":"2025-12-05T14:13:00.000Z","open":90541.7,"high":90545.9,"low":90460.6,"close":90461.2,"volume":192.815}
{"level":"INFO","time":"2025-12-05T14:15:00.439Z","caller":"strategy/adapter.go:61","msg":"Kline received","open_time":"2025-12-05T14:14:00.000Z","open":90461.2,"high":90498.7,"low":90455,"close":90468,"volume":72.575}
{"level":"INFO","time":"2025-12-05T14:16:00.116Z","caller":"strategy/adapter.go:61","msg":"Kline received","open_time":"2025-12-05T14:15:00.000Z","open":90467.9,"high":90483.7,"low":90432.6,"close":90439.9,"volume":88.954}
{"level":"INFO","time":"2025-12-05T14:17:00.451Z","caller":"strategy/adapter.go:61","msg":"Kline received","open_time":"2025-12-05T14:16:00.000Z","open":90439.9,"high":90467.8,"low":90430,"close":90466.5,"volume":70.609}
{"level":"INFO","time":"2025-12-05T14:17:00.451Z","caller":"strategy/adapter.go:86","msg":"Signal generated","signal_type":"OPEN_SHORT","price":90466.5,"confidence":1,"reason":"MACD死叉+EMA5/VWAP8死叉+EMA5/EMA15死叉(强信号)"}
{"level":"ERROR","time":"2025-12-05T14:17:00.814Z","caller":"strategy/adapter.go:109","msg":"Execute order failed","symbol":"BTCUSDT","error":"risk check failed: invalid quantity: 0.000000"}
{"level":"INFO","time":"2025-12-05T14:18:00.103Z","caller":"strategy/adapter.go:61","msg":"Kline received","open_time":"2025-12-05T14:17:00.000Z","open":90466.5,"high":90466.5,"low":90393,"close":90418.9,"volume":79.574}
{"level":"INFO","time":"2025-12-05T14:18:00.103Z","caller":"strategy/adapter.go:86","msg":"Signal generated","signal_type":"OPEN_SHORT","price":90418.9,"confidence":1,"reason":"MACD死叉+EMA5/VWAP8死叉+EMA5/EMA15死叉(强信号)"}
{"level":"ERROR","time":"2025-12-05T14:18:00.308Z","caller":"strategy/adapter.go:109","msg":"Execute order failed","symbol":"BTCUSDT","error":"risk check failed: invalid quantity: 0.000000"}
{"level":"INFO","time":"2025-12-05T14:19:00.089Z","caller":"strategy/adapter.go:61","msg":"Kline received","open_time":"2025-12-05T14:18:00.000Z","open":90418.9,"high":90443,"low":90375.7,"close":90380,"volume":91.15}
{"level":"INFO","time":"2025-12-05T14:19:00.089Z","caller":"strategy/adapter.go:86","msg":"Signal generated","signal_type":"OPEN_SHORT","price":90380,"confidence":1,"reason":"MACD死叉+EMA5/VWAP8死叉+EMA5/EMA15死叉(强信号)"}
{"level":"ERROR","time":"2025-12-05T14:19:00.220Z","caller":"strategy/adapter.go:109","msg":"Execute order failed","symbol":"BTCUSDT","error":"risk check failed: invalid quantity: 0.000000"}
