{"level":"INFO","time":"2025-12-05T12:57:47.678Z","caller":"logger/symbol_logger.go:133","msg":"Log file created","symbol":"BTCUSDT","interval":"1m","file":"logs/session_20251205_125746/BTCUSDT_1m.log"}
{"level":"INFO","time":"2025-12-05T12:58:00.597Z","caller":"strategy/adapter.go:61","msg":"Kline received","open_time":"2025-12-05T12:57:00.000Z","open":91183.7,"high":91216.7,"low":91181.9,"close":91205.5,"volume":30.382}
{"level":"INFO","time":"2025-12-05T12:59:00.420Z","caller":"strategy/adapter.go:61","msg":"Kline received","open_time":"2025-12-05T12:58:00.000Z","open":91205.6,"high":91221.8,"low":91192.7,"close":91221.7,"volume":27.963}
{"level":"INFO","time":"2025-12-05T13:00:00.246Z","caller":"strategy/adapter.go:61","msg":"Kline received","open_time":"2025-12-05T12:59:00.000Z","open":91221.8,"high":91221.8,"low":91190.5,"close":91194.6,"volume":13.184}
{"level":"INFO","time":"2025-12-05T13:01:00.156Z","caller":"strategy/adapter.go:61","msg":"Kline received","open_time":"2025-12-05T13:00:00.000Z","open":91194.6,"high":91199.5,"low":91171.6,"close":91173,"volume":71.43}
{"level":"INFO","time":"2025-12-05T13:02:00.211Z","caller":"strategy/adapter.go:61","msg":"Kline received","open_time":"2025-12-05T13:01:00.000Z","open":91173.1,"high":91173.1,"low":91136.4,"close":91152.6,"volume":30.867}
{"level":"INFO","time":"2025-12-05T13:02:00.212Z","caller":"strategy/adapter.go:86","msg":"Signal generated","signal_type":"ADD_SHORT","price":91152.6,"confidence":1,"reason":"MACD死叉+EMA5/VWAP8死叉+EMA5/EMA15死叉(加仓)"}
{"level":"INFO","time":"2025-12-05T13:02:00.212Z","caller":"strategy/adapter.go:101","msg":"No orders generated"}
{"level":"INFO","time":"2025-12-05T13:03:00.065Z","caller":"strategy/adapter.go:61","msg":"Kline received","open_time":"2025-12-05T13:02:00.000Z","open":91152.6,"high":91224.3,"low":91152.6,"close":91220.1,"volume":37.855}
{"level":"INFO","time":"2025-12-05T13:03:00.065Z","caller":"strategy/adapter.go:86","msg":"Signal generated","signal_type":"ADD_LONG","price":91220.1,"confidence":1,"reason":"MACD金叉+EMA5/VWAP8金叉+EMA5/EMA15金叉(加仓)"}
{"level":"INFO","time":"2025-12-05T13:03:00.065Z","caller":"strategy/adapter.go:101","msg":"No orders generated"}
{"level":"INFO","time":"2025-12-05T13:04:00.421Z","caller":"strategy/adapter.go:61","msg":"Kline received","open_time":"2025-12-05T13:03:00.000Z","open":91220,"high":91220.1,"low":91156.4,"close":91156.4,"volume":53.512}
{"level":"INFO","time":"2025-12-05T13:04:00.421Z","caller":"strategy/adapter.go:86","msg":"Signal generated","signal_type":"ADD_SHORT","price":91156.4,"confidence":1,"reason":"MACD死叉+EMA5/VWAP8死叉+EMA5/EMA15死叉(加仓)"}
{"level":"INFO","time":"2025-12-05T13:04:00.421Z","caller":"strategy/adapter.go:101","msg":"No orders generated"}
{"level":"INFO","time":"2025-12-05T13:05:00.219Z","caller":"strategy/adapter.go:61","msg":"Kline received","open_time":"2025-12-05T13:04:00.000Z","open":91156.5,"high":91156.5,"low":91011,"close":91038.4,"volume":114.723}
{"level":"INFO","time":"2025-12-05T13:05:00.219Z","caller":"strategy/adapter.go:86","msg":"Signal generated","signal_type":"ADD_SHORT","price":91038.4,"confidence":1,"reason":"MACD死叉+EMA5/VWAP8死叉+EMA5/EMA15死叉(加仓)"}
{"level":"INFO","time":"2025-12-05T13:05:00.219Z","caller":"strategy/adapter.go:101","msg":"No orders generated"}
{"level":"INFO","time":"2025-12-05T13:06:00.210Z","caller":"strategy/adapter.go:61","msg":"Kline received","open_time":"2025-12-05T13:05:00.000Z","open":91038.4,"high":91085.4,"low":91038.4,"close":91077.5,"volume":95.046}
{"level":"INFO","time":"2025-12-05T13:06:00.210Z","caller":"strategy/adapter.go:86","msg":"Signal generated","signal_type":"ADD_SHORT","price":91077.5,"confidence":1,"reason":"MACD死叉+EMA5/VWAP8死叉+EMA5/EMA15死叉(加仓)"}
{"level":"INFO","time":"2025-12-05T13:06:00.210Z","caller":"strategy/adapter.go:101","msg":"No orders generated"}
{"level":"INFO","time":"2025-12-05T13:07:00.758Z","caller":"strategy/adapter.go:61","msg":"Kline received","open_time":"2025-12-05T13:06:00.000Z","open":91077.5,"high":91084.5,"low":91051.6,"close":91084.3,"volume":84.578}
{"level":"INFO","time":"2025-12-05T13:07:00.758Z","caller":"strategy/adapter.go:86","msg":"Signal generated","signal_type":"ADD_SHORT","price":91084.3,"confidence":1,"reason":"MACD死叉+EMA5/VWAP8死叉+EMA5/EMA15死叉(加仓)"}
{"level":"INFO","time":"2025-12-05T13:07:00.758Z","caller":"strategy/adapter.go:101","msg":"No orders generated"}
{"level":"INFO","time":"2025-12-05T13:08:00.362Z","caller":"strategy/adapter.go:61","msg":"Kline received","open_time":"2025-12-05T13:07:00.000Z","open":91084.2,"high":91084.3,"low":91044.4,"close":91044.4,"volume":55.356}
{"level":"INFO","time":"2025-12-05T13:08:00.363Z","caller":"strategy/adapter.go:86","msg":"Signal generated","signal_type":"ADD_SHORT","price":91044.4,"confidence":1,"reason":"MACD死叉+EMA5/VWAP8死叉+EMA5/EMA15死叉(加仓)"}
{"level":"INFO","time":"2025-12-05T13:08:00.363Z","caller":"strategy/adapter.go:101","msg":"No orders generated"}
{"level":"INFO","time":"2025-12-05T13:09:00.523Z","caller":"strategy/adapter.go:61","msg":"Kline received","open_time":"2025-12-05T13:08:00.000Z","open":91044.4,"high":91090,"low":91044.4,"close":91090,"volume":46.242}
{"level":"INFO","time":"2025-12-05T13:09:00.523Z","caller":"strategy/adapter.go:86","msg":"Signal generated","signal_type":"ADD_SHORT","price":91090,"confidence":1,"reason":"MACD死叉+EMA5/VWAP8死叉+EMA5/EMA15死叉(加仓)"}
{"level":"INFO","time":"2025-12-05T13:09:00.523Z","caller":"strategy/adapter.go:101","msg":"No orders generated"}
{"level":"INFO","time":"2025-12-05T13:10:00.118Z","caller":"strategy/adapter.go:61","msg":"Kline received","open_time":"2025-12-05T13:09:00.000Z","open":91089.9,"high":91186.4,"low":91061.7,"close":91175,"volume":135.416}
{"level":"INFO","time":"2025-12-05T13:11:00.253Z","caller":"strategy/adapter.go:61","msg":"Kline received","open_time":"2025-12-05T13:10:00.000Z","open":91175.1,"high":91253.4,"low":91175,"close":91247.8,"volume":102.096}
{"level":"INFO","time":"2025-12-05T13:11:00.253Z","caller":"strategy/adapter.go:86","msg":"Signal generated","signal_type":"ADD_LONG","price":91247.8,"confidence":1,"reason":"MACD金叉+EMA5/VWAP8金叉+EMA5/EMA15金叉(加仓)"}
{"level":"INFO","time":"2025-12-05T13:11:00.253Z","caller":"strategy/adapter.go:101","msg":"No orders generated"}
{"level":"INFO","time":"2025-12-05T13:12:00.112Z","caller":"strategy/adapter.go:61","msg":"Kline received","open_time":"2025-12-05T13:11:00.000Z","open":91247.9,"high":91319.9,"low":91247.9,"close":91300,"volume":101.501}
{"level":"INFO","time":"2025-12-05T13:12:00.113Z","caller":"strategy/adapter.go:86","msg":"Signal generated","signal_type":"ADD_LONG","price":91300,"confidence":1,"reason":"MACD金叉+EMA5/VWAP8金叉+EMA5/EMA15金叉(加仓)"}
{"level":"INFO","time":"2025-12-05T13:12:00.113Z","caller":"strategy/adapter.go:101","msg":"No orders generated"}
{"level":"INFO","time":"2025-12-05T13:13:01.020Z","caller":"strategy/adapter.go:61","msg":"Kline received","open_time":"2025-12-05T13:12:00.000Z","open":91300,"high":91305.9,"low":91195.5,"close":91195.5,"volume":146.229}
{"level":"INFO","time":"2025-12-05T13:13:01.020Z","caller":"strategy/adapter.go:86","msg":"Signal generated","signal_type":"ADD_LONG","price":91195.5,"confidence":1,"reason":"MACD金叉+EMA5/VWAP8金叉+EMA5/EMA15金叉(加仓)"}
{"level":"INFO","time":"2025-12-05T13:13:01.020Z","caller":"strategy/adapter.go:101","msg":"No orders generated"}
{"level":"INFO","time":"2025-12-05T13:14:00.267Z","caller":"strategy/adapter.go:61","msg":"Kline received","open_time":"2025-12-05T13:13:00.000Z","open":91195.5,"high":91195.6,"low":91146.2,"close":91146.3,"volume":19.16}
{"level":"INFO","time":"2025-12-05T13:14:00.267Z","caller":"strategy/adapter.go:86","msg":"Signal generated","signal_type":"ADD_LONG","price":91146.3,"confidence":1,"reason":"MACD金叉+EMA5/VWAP8金叉+EMA5/EMA15金叉(加仓)"}
{"level":"INFO","time":"2025-12-05T13:14:00.267Z","caller":"strategy/adapter.go:101","msg":"No orders generated"}
{"level":"INFO","time":"2025-12-05T13:15:00.121Z","caller":"strategy/adapter.go:61","msg":"Kline received","open_time":"2025-12-05T13:14:00.000Z","open":91146.2,"high":91150,"low":91065.2,"close":91068.9,"volume":39.683}
{"level":"INFO","time":"2025-12-05T13:15:00.121Z","caller":"strategy/adapter.go:86","msg":"Signal generated","signal_type":"ADD_SHORT","price":91068.9,"confidence":1,"reason":"MACD死叉+EMA5/VWAP8死叉+EMA5/EMA15死叉(加仓)"}
{"level":"INFO","time":"2025-12-05T13:15:00.121Z","caller":"strategy/adapter.go:101","msg":"No orders generated"}
{"level":"INFO","time":"2025-12-05T13:16:00.236Z","caller":"strategy/adapter.go:61","msg":"Kline received","open_time":"2025-12-05T13:15:00.000Z","open":91068.9,"high":91081.4,"low":90909.4,"close":90941,"volume":393.07}
{"level":"INFO","time":"2025-12-05T13:16:00.236Z","caller":"strategy/adapter.go:86","msg":"Signal generated","signal_type":"ADD_SHORT","price":90941,"confidence":1,"reason":"MACD死叉+EMA5/VWAP8死叉+EMA5/EMA15死叉(加仓)"}
{"level":"INFO","time":"2025-12-05T13:16:00.236Z","caller":"strategy/adapter.go:101","msg":"No orders generated"}
{"level":"INFO","time":"2025-12-05T13:17:00.171Z","caller":"strategy/adapter.go:61","msg":"Kline received","open_time":"2025-12-05T13:16:00.000Z","open":90941.1,"high":91024.7,"low":90935.3,"close":90999.6,"volume":211.763}
{"level":"INFO","time":"2025-12-05T13:17:00.172Z","caller":"strategy/adapter.go:86","msg":"Signal generated","signal_type":"ADD_SHORT","price":90999.6,"confidence":1,"reason":"MACD死叉+EMA5/VWAP8死叉+EMA5/EMA15死叉(加仓)"}
{"level":"INFO","time":"2025-12-05T13:17:00.172Z","caller":"strategy/adapter.go:101","msg":"No orders generated"}
{"level":"INFO","time":"2025-12-05T13:18:00.252Z","caller":"strategy/adapter.go:61","msg":"Kline received","open_time":"2025-12-05T13:17:00.000Z","open":90999.7,"high":91008.6,"low":90931.3,"close":91008.5,"volume":191.789}
{"level":"INFO","time":"2025-12-05T13:18:00.252Z","caller":"strategy/adapter.go:86","msg":"Signal generated","signal_type":"ADD_SHORT","price":91008.5,"confidence":1,"reason":"MACD死叉+EMA5/VWAP8死叉+EMA5/EMA15死叉(加仓)"}
{"level":"INFO","time":"2025-12-05T13:18:00.252Z","caller":"strategy/adapter.go:101","msg":"No orders generated"}
{"level":"INFO","time":"2025-12-05T13:19:00.290Z","caller":"strategy/adapter.go:61","msg":"Kline received","open_time":"2025-12-05T13:18:00.000Z","open":91008.5,"high":91072.8,"low":91008.5,"close":91068.7,"volume":85.896}
{"level":"INFO","time":"2025-12-05T13:20:00.095Z","caller":"strategy/adapter.go:61","msg":"Kline received","open_time":"2025-12-05T13:19:00.000Z","open":91068.8,"high":91073.2,"low":91011,"close":91023.1,"volume":36.125}
{"level":"INFO","time":"2025-12-05T13:21:00.114Z","caller":"strategy/adapter.go:61","msg":"Kline received","open_time":"2025-12-05T13:20:00.000Z","open":91023.1,"high":91038.6,"low":90974.8,"close":90990.2,"volume":47.212}
{"level":"INFO","time":"2025-12-05T13:22:00.130Z","caller":"strategy/adapter.go:61","msg":"Kline received","open_time":"2025-12-05T13:21:00.000Z","open":90990.1,"high":91000,"low":90875.4,"close":90919.7,"volume":399.553}
{"level":"INFO","time":"2025-12-05T13:23:00.218Z","caller":"strategy/adapter.go:61","msg":"Kline received","open_time":"2025-12-05T13:22:00.000Z","open":90919.7,"high":91025,"low":90919.6,"close":90993.8,"volume":99.518}
{"level":"INFO","time":"2025-12-05T13:24:00.119Z","caller":"strategy/adapter.go:61","msg":"Kline received","open_time":"2025-12-05T13:23:00.000Z","open":90993.8,"high":90999.1,"low":90954.8,"close":90967.5,"volume":67.048}
{"level":"INFO","time":"2025-12-05T13:25:00.095Z","caller":"strategy/adapter.go:61","msg":"Kline received","open_time":"2025-12-05T13:24:00.000Z","open":90967.5,"high":90976.6,"low":90901.8,"close":90922.2,"volume":91.393}
{"level":"INFO","time":"2025-12-05T13:25:00.095Z","caller":"strategy/adapter.go:86","msg":"Signal generated","signal_type":"ADD_SHORT","price":90922.2,"confidence":1,"reason":"MACD死叉+EMA5/VWAP8死叉+EMA5/EMA15死叉(加仓)"}
{"level":"INFO","time":"2025-12-05T13:25:00.095Z","caller":"strategy/adapter.go:101","msg":"No orders generated"}
{"level":"INFO","time":"2025-12-05T13:26:00.071Z","caller":"strategy/adapter.go:61","msg":"Kline received","open_time":"2025-12-05T13:25:00.000Z","open":90922.1,"high":90922.2,"low":90747.2,"close":90752.2,"volume":326.188}
{"level":"INFO","time":"2025-12-05T13:26:00.071Z","caller":"strategy/adapter.go:86","msg":"Signal generated","signal_type":"ADD_SHORT","price":90752.2,"confidence":1,"reason":"MACD死叉+EMA5/VWAP8死叉+EMA5/EMA15死叉(加仓)"}
{"level":"INFO","time":"2025-12-05T13:26:00.071Z","caller":"strategy/adapter.go:101","msg":"No orders generated"}
{"level":"INFO","time":"2025-12-05T13:27:00.245Z","caller":"strategy/adapter.go:61","msg":"Kline received","open_time":"2025-12-05T13:26:00.000Z","open":90752.3,"high":90872.1,"low":90668,"close":90763.2,"volume":682.545}
{"level":"INFO","time":"2025-12-05T13:28:00.211Z","caller":"strategy/adapter.go:61","msg":"Kline received","open_time":"2025-12-05T13:27:00.000Z","open":90763.2,"high":90779.4,"low":90702.4,"close":90753.6,"volume":302.065}
{"level":"INFO","time":"2025-12-05T13:28:00.212Z","caller":"strategy/adapter.go:86","msg":"Signal generated","signal_type":"ADD_SHORT","price":90753.6,"confidence":1,"reason":"MACD死叉+EMA5/VWAP8死叉+EMA5/EMA15死叉(加仓)"}
{"level":"INFO","time":"2025-12-05T13:28:00.212Z","caller":"strategy/adapter.go:101","msg":"No orders generated"}
{"level":"INFO","time":"2025-12-05T13:29:00.081Z","caller":"strategy/adapter.go:61","msg":"Kline received","open_time":"2025-12-05T13:28:00.000Z","open":90753.7,"high":90753.7,"low":90532.7,"close":90587,"volume":867.547}
{"level":"INFO","time":"2025-12-05T13:29:00.081Z","caller":"strategy/adapter.go:86","msg":"Signal generated","signal_type":"ADD_SHORT","price":90587,"confidence":1,"reason":"MACD死叉+EMA5/VWAP8死叉+EMA5/EMA15死叉(加仓)"}
{"level":"INFO","time":"2025-12-05T13:29:00.081Z","caller":"strategy/adapter.go:101","msg":"No orders generated"}
{"level":"INFO","time":"2025-12-05T13:30:00.115Z","caller":"strategy/adapter.go:61","msg":"Kline received","open_time":"2025-12-05T13:29:00.000Z","open":90587.1,"high":90778.9,"low":90547.1,"close":90773.1,"volume":385.197}
