{"level":"INFO","time":"2025-12-05T12:42:50.423Z","caller":"strategy/adapter.go:40","msg":"Log file created","symbol":"BTCUSDT","interval":"1m","file":"logs/session_20251205_124248/BTCUSDT_1m.log"}
{"level":"INFO","time":"2025-12-05T12:43:00.164Z","caller":"v2/message_dispatcher.go:80","msg":"Kline received","open_time":"2025-12-05T12:42:00.000Z","open":91185.2,"high":91215.2,"low":91185.2,"close":91212.9,"volume":12.525}
{"level":"INFO","time":"2025-12-05T12:44:00.096Z","caller":"v2/message_dispatcher.go:80","msg":"Kline received","open_time":"2025-12-05T12:43:00.000Z","open":91212.8,"high":91212.9,"low":91145.8,"close":91145.8,"volume":22.991}
{"level":"INFO","time":"2025-12-05T12:45:00.429Z","caller":"v2/message_dispatcher.go:80","msg":"Kline received","open_time":"2025-12-05T12:44:00.000Z","open":91145.9,"high":91145.9,"low":91124.3,"close":91133.9,"volume":19.299}
{"level":"INFO","time":"2025-12-05T12:46:00.763Z","caller":"v2/message_dispatcher.go:80","msg":"Kline received","open_time":"2025-12-05T12:45:00.000Z","open":91133.9,"high":91134,"low":91107,"close":91128.9,"volume":29.11}
{"level":"INFO","time":"2025-12-05T12:47:00.397Z","caller":"v2/message_dispatcher.go:80","msg":"Kline received","open_time":"2025-12-05T12:46:00.000Z","open":91128.8,"high":91138.1,"low":91087.2,"close":91138,"volume":28.231}
{"level":"INFO","time":"2025-12-05T12:48:00.282Z","caller":"v2/message_dispatcher.go:80","msg":"Kline received","open_time":"2025-12-05T12:47:00.000Z","open":91138.1,"high":91156.3,"low":91100.5,"close":91154.9,"volume":26.572}
{"level":"INFO","time":"2025-12-05T12:49:00.180Z","caller":"v2/message_dispatcher.go:80","msg":"Kline received","open_time":"2025-12-05T12:48:00.000Z","open":91154.9,"high":91189.4,"low":91149.3,"close":91170.9,"volume":26.995}
{"level":"INFO","time":"2025-12-05T12:49:00.181Z","caller":"v2/message_dispatcher.go:80","msg":"Signal generated","signal_type":"OPEN_LONG","price":91170.9,"confidence":1,"reason":"MACD金叉+EMA5/VWAP8金叉"}
{"level":"ERROR","time":"2025-12-05T12:49:00.444Z","caller":"v2/message_dispatcher.go:80","msg":"Position manager error","error":"get account: API error (status 400): {\"code\":-1022,\"msg\":\"Signature for this request is not valid.\"}"}
{"level":"INFO","time":"2025-12-05T12:50:00.112Z","caller":"v2/message_dispatcher.go:80","msg":"Kline received","open_time":"2025-12-05T12:49:00.000Z","open":91170.8,"high":91176,"low":91143.8,"close":91172,"volume":17.317}
{"level":"INFO","time":"2025-12-05T12:50:00.112Z","caller":"v2/message_dispatcher.go:80","msg":"Signal generated","signal_type":"OPEN_LONG","price":91172,"confidence":1,"reason":"MACD金叉+EMA5/VWAP8金叉"}
{"level":"ERROR","time":"2025-12-05T12:50:00.651Z","caller":"v2/message_dispatcher.go:80","msg":"Position manager error","error":"get account: API error (status 400): {\"code\":-1022,\"msg\":\"Signature for this request is not valid.\"}"}
{"level":"INFO","time":"2025-12-05T12:51:00.283Z","caller":"v2/message_dispatcher.go:80","msg":"Kline received","open_time":"2025-12-05T12:50:00.000Z","open":91172.1,"high":91188.4,"low":91168.5,"close":91171.8,"volume":18.461}
{"level":"INFO","time":"2025-12-05T12:51:00.283Z","caller":"v2/message_dispatcher.go:80","msg":"Signal generated","signal_type":"OPEN_LONG","price":91171.8,"confidence":1,"reason":"MACD金叉+EMA5/VWAP8金叉"}
{"level":"ERROR","time":"2025-12-05T12:51:00.396Z","caller":"v2/message_dispatcher.go:80","msg":"Position manager error","error":"get account: API error (status 400): {\"code\":-1022,\"msg\":\"Signature for this request is not valid.\"}"}
{"level":"INFO","time":"2025-12-05T12:52:00.092Z","caller":"v2/message_dispatcher.go:80","msg":"Kline received","open_time":"2025-12-05T12:51:00.000Z","open":91171.7,"high":91208.7,"low":91171.7,"close":91208.7,"volume":28.206}
{"level":"INFO","time":"2025-12-05T12:52:00.092Z","caller":"v2/message_dispatcher.go:80","msg":"Signal generated","signal_type":"ADD_LONG","price":91208.7,"confidence":1,"reason":"MACD金叉+EMA5/VWAP8金叉+EMA5/EMA15金叉(加仓)"}
{"level":"INFO","time":"2025-12-05T12:52:00.092Z","caller":"v2/message_dispatcher.go:80","msg":"No orders generated"}
{"level":"INFO","time":"2025-12-05T12:53:00.366Z","caller":"v2/message_dispatcher.go:80","msg":"Kline received","open_time":"2025-12-05T12:52:00.000Z","open":91208.6,"high":91218,"low":91147.4,"close":91147.5,"volume":24.984}
{"level":"INFO","time":"2025-12-05T12:53:00.366Z","caller":"v2/message_dispatcher.go:80","msg":"Signal generated","signal_type":"OPEN_LONG","price":91147.5,"confidence":1,"reason":"MACD金叉+EMA5/VWAP8金叉"}
{"level":"ERROR","time":"2025-12-05T12:53:00.583Z","caller":"v2/message_dispatcher.go:80","msg":"Position manager error","error":"get account: API error (status 400): {\"code\":-1022,\"msg\":\"Signature for this request is not valid.\"}"}
{"level":"INFO","time":"2025-12-05T12:54:00.310Z","caller":"v2/message_dispatcher.go:80","msg":"Kline received","open_time":"2025-12-05T12:53:00.000Z","open":91147.4,"high":91191.6,"low":91134.5,"close":91191.5,"volume":15.162}
{"level":"INFO","time":"2025-12-05T12:54:00.310Z","caller":"v2/message_dispatcher.go:80","msg":"Signal generated","signal_type":"ADD_LONG","price":91191.5,"confidence":1,"reason":"MACD金叉+EMA5/VWAP8金叉+EMA5/EMA15金叉(加仓)"}
{"level":"INFO","time":"2025-12-05T12:54:00.310Z","caller":"v2/message_dispatcher.go:80","msg":"No orders generated"}
