{"level":"INFO","time":"2025-12-05T13:44:59.050Z","caller":"logger/symbol_logger.go:133","msg":"Log file created","symbol":"BTCUSDT","interval":"1m","file":"logs/session_20251205_134457/BTCUSDT_1m.log"}
{"level":"INFO","time":"2025-12-05T13:45:00.096Z","caller":"strategy/adapter.go:61","msg":"Kline received","open_time":"2025-12-05T13:44:00.000Z","open":90278.8,"high":90408.2,"low":90253,"close":90382.6,"volume":336.529}
{"level":"INFO","time":"2025-12-05T13:46:00.219Z","caller":"strategy/adapter.go:61","msg":"Kline received","open_time":"2025-12-05T13:45:00.000Z","open":90382.6,"high":90456.2,"low":90310,"close":90318.2,"volume":296.673}
{"level":"INFO","time":"2025-12-05T13:47:00.256Z","caller":"strategy/adapter.go:61","msg":"Kline received","open_time":"2025-12-05T13:46:00.000Z","open":90318.2,"high":90328.7,"low":90195.3,"close":90310,"volume":589.327}
{"level":"INFO","time":"2025-12-05T13:48:00.097Z","caller":"strategy/adapter.go:61","msg":"Kline received","open_time":"2025-12-05T13:47:00.000Z","open":90310.1,"high":90392.3,"low":90253.4,"close":90270,"volume":484.399}
{"level":"INFO","time":"2025-12-05T13:49:00.174Z","caller":"strategy/adapter.go:61","msg":"Kline received","open_time":"2025-12-05T13:48:00.000Z","open":90270,"high":90450.1,"low":90269.9,"close":90421.8,"volume":247.931}
{"level":"INFO","time":"2025-12-05T13:50:00.286Z","caller":"strategy/adapter.go:61","msg":"Kline received","open_time":"2025-12-05T13:49:00.000Z","open":90421.7,"high":90522.8,"low":90421.7,"close":90494.5,"volume":295.021}
{"level":"INFO","time":"2025-12-05T13:50:00.286Z","caller":"strategy/adapter.go:86","msg":"Signal generated","signal_type":"OPEN_LONG","price":90494.5,"confidence":1,"reason":"MACD金叉+EMA5/VWAP8金叉"}
{"level":"ERROR","time":"2025-12-05T13:50:00.622Z","caller":"strategy/adapter.go:96","msg":"Position manager error","error":"get account: API error (status 400): {\"code\":-1022,\"msg\":\"Signature for this request is not valid.\"}"}
{"level":"INFO","time":"2025-12-05T13:51:00.278Z","caller":"strategy/adapter.go:61","msg":"Kline received","open_time":"2025-12-05T13:50:00.000Z","open":90494.4,"high":90568.3,"low":90447.6,"close":90485.3,"volume":330.249}
{"level":"INFO","time":"2025-12-05T13:51:00.278Z","caller":"strategy/adapter.go:86","msg":"Signal generated","signal_type":"OPEN_LONG","price":90485.3,"confidence":1,"reason":"MACD金叉+EMA5/VWAP8金叉"}
{"level":"ERROR","time":"2025-12-05T13:51:00.628Z","caller":"strategy/adapter.go:96","msg":"Position manager error","error":"get account: API error (status 400): {\"code\":-1022,\"msg\":\"Signature for this request is not valid.\"}"}
{"level":"INFO","time":"2025-12-05T13:52:00.898Z","caller":"strategy/adapter.go:61","msg":"Kline received","open_time":"2025-12-05T13:51:00.000Z","open":90485.3,"high":90500,"low":90446,"close":90492,"volume":136.66}
{"level":"INFO","time":"2025-12-05T13:52:00.898Z","caller":"strategy/adapter.go:86","msg":"Signal generated","signal_type":"OPEN_LONG","price":90492,"confidence":1,"reason":"MACD金叉+EMA5/VWAP8金叉"}
{"level":"ERROR","time":"2025-12-05T13:52:01.098Z","caller":"strategy/adapter.go:96","msg":"Position manager error","error":"get account: API error (status 400): {\"code\":-1022,\"msg\":\"Signature for this request is not valid.\"}"}
{"level":"INFO","time":"2025-12-05T13:53:00.147Z","caller":"strategy/adapter.go:61","msg":"Kline received","open_time":"2025-12-05T13:52:00.000Z","open":90491.9,"high":90639.4,"low":90482,"close":90587.6,"volume":285.76}
{"level":"INFO","time":"2025-12-05T13:53:00.147Z","caller":"strategy/adapter.go:86","msg":"Signal generated","signal_type":"OPEN_LONG","price":90587.6,"confidence":1,"reason":"MACD金叉+EMA5/VWAP8金叉+EMA5/EMA15金叉(强信号)"}
{"level":"ERROR","time":"2025-12-05T13:53:00.349Z","caller":"strategy/adapter.go:96","msg":"Position manager error","error":"get account: API error (status 400): {\"code\":-1022,\"msg\":\"Signature for this request is not valid.\"}"}
{"level":"INFO","time":"2025-12-05T13:54:00.287Z","caller":"strategy/adapter.go:61","msg":"Kline received","open_time":"2025-12-05T13:53:00.000Z","open":90587.5,"high":90614.3,"low":90548.7,"close":90550.1,"volume":99.303}
{"level":"INFO","time":"2025-12-05T13:54:00.287Z","caller":"strategy/adapter.go:86","msg":"Signal generated","signal_type":"OPEN_LONG","price":90550.1,"confidence":1,"reason":"MACD金叉+EMA5/VWAP8金叉+EMA5/EMA15金叉(强信号)"}
{"level":"ERROR","time":"2025-12-05T13:54:00.487Z","caller":"strategy/adapter.go:96","msg":"Position manager error","error":"get account: API error (status 400): {\"code\":-1022,\"msg\":\"Signature for this request is not valid.\"}"}
{"level":"INFO","time":"2025-12-05T13:55:00.144Z","caller":"strategy/adapter.go:61","msg":"Kline received","open_time":"2025-12-05T13:54:00.000Z","open":90550,"high":90584.7,"low":90514,"close":90584.3,"volume":227.539}
{"level":"INFO","time":"2025-12-05T13:55:00.144Z","caller":"strategy/adapter.go:86","msg":"Signal generated","signal_type":"OPEN_LONG","price":90584.3,"confidence":1,"reason":"MACD金叉+EMA5/VWAP8金叉+EMA5/EMA15金叉(强信号)"}
{"level":"ERROR","time":"2025-12-05T13:55:00.729Z","caller":"strategy/adapter.go:96","msg":"Position manager error","error":"get account: API error (status 400): {\"code\":-1022,\"msg\":\"Signature for this request is not valid.\"}"}
{"level":"INFO","time":"2025-12-05T13:56:00.307Z","caller":"strategy/adapter.go:61","msg":"Kline received","open_time":"2025-12-05T13:55:00.000Z","open":90584.3,"high":90653.9,"low":90584.2,"close":90636.1,"volume":193.531}
{"level":"INFO","time":"2025-12-05T13:56:00.307Z","caller":"strategy/adapter.go:86","msg":"Signal generated","signal_type":"OPEN_LONG","price":90636.1,"confidence":1,"reason":"MACD金叉+EMA5/VWAP8金叉+EMA5/EMA15金叉(强信号)"}
{"level":"ERROR","time":"2025-12-05T13:56:00.524Z","caller":"strategy/adapter.go:96","msg":"Position manager error","error":"get account: API error (status 400): {\"code\":-1022,\"msg\":\"Signature for this request is not valid.\"}"}
{"level":"INFO","time":"2025-12-05T13:57:00.094Z","caller":"strategy/adapter.go:61","msg":"Kline received","open_time":"2025-12-05T13:56:00.000Z","open":90636.2,"high":90649.8,"low":90555,"close":90555,"volume":183.478}
{"level":"INFO","time":"2025-12-05T13:57:00.094Z","caller":"strategy/adapter.go:86","msg":"Signal generated","signal_type":"OPEN_LONG","price":90555,"confidence":1,"reason":"MACD金叉+EMA5/VWAP8金叉+EMA5/EMA15金叉(强信号)"}
{"level":"ERROR","time":"2025-12-05T13:57:00.219Z","caller":"strategy/adapter.go:96","msg":"Position manager error","error":"get account: API error (status 400): {\"code\":-1022,\"msg\":\"Signature for this request is not valid.\"}"}
