{"level":"INFO","time":"2025-12-05T13:44:59.366Z","caller":"logger/symbol_logger.go:133","msg":"Log file created","symbol":"ETHUSDT","interval":"1m","file":"logs/session_20251205_134457/ETHUSDT_1m.log"}
{"level":"INFO","time":"2025-12-05T13:45:00.113Z","caller":"strategy/adapter.go:61","msg":"Kline received","open_time":"2025-12-05T13:44:00.000Z","open":3088.36,"high":3096.86,"low":3086,"close":3095.59,"volume":8320.917}
{"level":"INFO","time":"2025-12-05T13:46:00.219Z","caller":"strategy/adapter.go:61","msg":"Kline received","open_time":"2025-12-05T13:45:00.000Z","open":3095.58,"high":3097.57,"low":3092.15,"close":3092.33,"volume":9007.63}
{"level":"INFO","time":"2025-12-05T13:47:00.256Z","caller":"strategy/adapter.go:61","msg":"Kline received","open_time":"2025-12-05T13:46:00.000Z","open":3092.33,"high":3092.48,"low":3086.14,"close":3090.41,"volume":10923.04}
{"level":"INFO","time":"2025-12-05T13:48:00.097Z","caller":"strategy/adapter.go:61","msg":"Kline received","open_time":"2025-12-05T13:47:00.000Z","open":3090.44,"high":3093.57,"low":3086.47,"close":3087.01,"volume":5527.977}
{"level":"INFO","time":"2025-12-05T13:49:00.174Z","caller":"strategy/adapter.go:61","msg":"Kline received","open_time":"2025-12-05T13:48:00.000Z","open":3087.01,"high":3094.53,"low":3086.7,"close":3093.43,"volume":7503.276}
{"level":"INFO","time":"2025-12-05T13:50:00.128Z","caller":"strategy/adapter.go:61","msg":"Kline received","open_time":"2025-12-05T13:49:00.000Z","open":3093.43,"high":3097.52,"low":3093.1,"close":3094.61,"volume":5774.875}
{"level":"INFO","time":"2025-12-05T13:51:00.089Z","caller":"strategy/adapter.go:61","msg":"Kline received","open_time":"2025-12-05T13:50:00.000Z","open":3094.61,"high":3098.96,"low":3092.75,"close":3093.39,"volume":11127.776}
{"level":"INFO","time":"2025-12-05T13:52:00.898Z","caller":"strategy/adapter.go:61","msg":"Kline received","open_time":"2025-12-05T13:51:00.000Z","open":3093.38,"high":3097.99,"low":3092.1,"close":3096.51,"volume":4731.743}
{"level":"INFO","time":"2025-12-05T13:52:00.898Z","caller":"strategy/adapter.go:86","msg":"Signal generated","signal_type":"OPEN_LONG","price":3096.51,"confidence":1,"reason":"MACD金叉+EMA5/VWAP8金叉"}
{"level":"ERROR","time":"2025-12-05T13:52:00.993Z","caller":"strategy/adapter.go:96","msg":"Position manager error","error":"get account: API error (status 400): {\"code\":-1022,\"msg\":\"Signature for this request is not valid.\"}"}
{"level":"INFO","time":"2025-12-05T13:53:00.111Z","caller":"strategy/adapter.go:61","msg":"Kline received","open_time":"2025-12-05T13:52:00.000Z","open":3096.51,"high":3105.76,"low":3096.29,"close":3103.01,"volume":14922.654}
{"level":"INFO","time":"2025-12-05T13:53:00.111Z","caller":"strategy/adapter.go:86","msg":"Signal generated","signal_type":"OPEN_LONG","price":3103.01,"confidence":1,"reason":"MACD金叉+EMA5/VWAP8金叉"}
{"level":"ERROR","time":"2025-12-05T13:53:00.204Z","caller":"strategy/adapter.go:96","msg":"Position manager error","error":"get account: API error (status 400): {\"code\":-1022,\"msg\":\"Signature for this request is not valid.\"}"}
{"level":"INFO","time":"2025-12-05T13:54:00.285Z","caller":"strategy/adapter.go:61","msg":"Kline received","open_time":"2025-12-05T13:53:00.000Z","open":3103.01,"high":3104.31,"low":3099.33,"close":3099.9,"volume":4080.104}
{"level":"INFO","time":"2025-12-05T13:54:00.285Z","caller":"strategy/adapter.go:86","msg":"Signal generated","signal_type":"OPEN_LONG","price":3099.9,"confidence":1,"reason":"MACD金叉+EMA5/VWAP8金叉"}
{"level":"ERROR","time":"2025-12-05T13:54:00.401Z","caller":"strategy/adapter.go:96","msg":"Position manager error","error":"get account: API error (status 400): {\"code\":-1022,\"msg\":\"Signature for this request is not valid.\"}"}
{"level":"INFO","time":"2025-12-05T13:55:00.174Z","caller":"strategy/adapter.go:61","msg":"Kline received","open_time":"2025-12-05T13:54:00.000Z","open":3099.91,"high":3101.95,"low":3099.33,"close":3101.95,"volume":2746.669}
{"level":"INFO","time":"2025-12-05T13:55:00.174Z","caller":"strategy/adapter.go:86","msg":"Signal generated","signal_type":"OPEN_LONG","price":3101.95,"confidence":1,"reason":"MACD金叉+EMA5/VWAP8金叉+EMA5/EMA15金叉(强信号)"}
{"level":"ERROR","time":"2025-12-05T13:55:00.859Z","caller":"strategy/adapter.go:96","msg":"Position manager error","error":"get account: API error (status 400): {\"code\":-1022,\"msg\":\"Signature for this request is not valid.\"}"}
{"level":"INFO","time":"2025-12-05T13:56:00.147Z","caller":"strategy/adapter.go:61","msg":"Kline received","open_time":"2025-12-05T13:55:00.000Z","open":3101.95,"high":3107.5,"low":3101.95,"close":3105.48,"volume":6833.035}
{"level":"INFO","time":"2025-12-05T13:56:00.147Z","caller":"strategy/adapter.go:86","msg":"Signal generated","signal_type":"OPEN_LONG","price":3105.48,"confidence":1,"reason":"MACD金叉+EMA5/VWAP8金叉+EMA5/EMA15金叉(强信号)"}
{"level":"ERROR","time":"2025-12-05T13:56:00.267Z","caller":"strategy/adapter.go:96","msg":"Position manager error","error":"get account: API error (status 400): {\"code\":-1022,\"msg\":\"Signature for this request is not valid.\"}"}
{"level":"INFO","time":"2025-12-05T13:57:00.174Z","caller":"strategy/adapter.go:61","msg":"Kline received","open_time":"2025-12-05T13:56:00.000Z","open":3105.48,"high":3106.87,"low":3101.59,"close":3101.6,"volume":3013.172}
{"level":"INFO","time":"2025-12-05T13:57:00.174Z","caller":"strategy/adapter.go:86","msg":"Signal generated","signal_type":"OPEN_LONG","price":3101.6,"confidence":1,"reason":"MACD金叉+EMA5/VWAP8金叉+EMA5/EMA15金叉(强信号)"}
{"level":"ERROR","time":"2025-12-05T13:57:00.389Z","caller":"strategy/adapter.go:96","msg":"Position manager error","error":"get account: API error (status 400): {\"code\":-1022,\"msg\":\"Signature for this request is not valid.\"}"}
